------------------------------------------------------------
TimeQuest Timing Analyzer Summary
------------------------------------------------------------

Type  : Slow 1200mV 85C Model Setup 'clk'
Slack : 12.199
TNS   : 0.000

Type  : Slow 1200mV 85C Model Hold 'clk'
Slack : 0.401
TNS   : 0.000

Type  : Slow 1200mV 85C Model Recovery 'clk'
Slack : 16.866
TNS   : 0.000

Type  : Slow 1200mV 85C Model Removal 'clk'
Slack : 1.124
TNS   : 0.000

Type  : Slow 1200mV 85C Model Minimum Pulse Width 'clk'
Slack : 9.594
TNS   : 0.000

Type  : Slow 1200mV 0C Model Setup 'clk'
Slack : 12.883
TNS   : 0.000

Type  : Slow 1200mV 0C Model Hold 'clk'
Slack : 0.353
TNS   : 0.000

Type  : Slow 1200mV 0C Model Recovery 'clk'
Slack : 17.143
TNS   : 0.000

Type  : Slow 1200mV 0C Model Removal 'clk'
Slack : 1.059
TNS   : 0.000

Type  : Slow 1200mV 0C Model Minimum Pulse Width 'clk'
Slack : 9.556
TNS   : 0.000

Type  : Fast 1200mV 0C Model Setup 'clk'
Slack : 16.068
TNS   : 0.000

Type  : Fast 1200mV 0C Model Hold 'clk'
Slack : 0.180
TNS   : 0.000

Type  : Fast 1200mV 0C Model Recovery 'clk'
Slack : 18.419
TNS   : 0.000

Type  : Fast 1200mV 0C Model Removal 'clk'
Slack : 0.499
TNS   : 0.000

Type  : Fast 1200mV 0C Model Minimum Pulse Width 'clk'
Slack : 9.217
TNS   : 0.000

------------------------------------------------------------
